============================================================
高频因子分析平台
============================================================

因子数据目录: /data1/code_git/tick_data_analysis/factor/by_factor
启动服务器: http://localhost:9999
API文档: http://localhost:9999/api/factors/list

按 Ctrl+C 停止服务器
============================================================
 * Serving Flask app 'app'
 * Debug mode: off
[31m[1mWARNING: This is a development server. Do not use it in a production deployment. Use a production WSGI server instead.[0m
 * Running on all addresses (0.0.0.0)
 * Running on http://127.0.0.1:9999
 * Running on http://192.168.31.158:9999
[33mPress CTRL+C to quit[0m
============================================================
高频因子分析平台
============================================================

因子数据目录: /data1/code_git/tick_data_analysis/factor/by_factor
启动服务器: http://localhost:9999
API文档: http://localhost:9999/api/factors/list

按 Ctrl+C 停止服务器
============================================================
 * Serving Flask app 'app'
 * Debug mode: off
[31m[1mWARNING: This is a development server. Do not use it in a production deployment. Use a production WSGI server instead.[0m
 * Running on all addresses (0.0.0.0)
 * Running on http://127.0.0.1:9999
 * Running on http://192.168.31.158:9999
[33mPress CTRL+C to quit[0m
100.123.6.21 - - [26/Feb/2026 22:22:15] "GET /data-manager HTTP/1.1" 200 -
100.123.6.21 - - [26/Feb/2026 22:22:15] "[36mGET /static/css/style.css HTTP/1.1[0m" 304 -
100.123.6.21 - - [26/Feb/2026 22:22:16] "[36mGET /static/js/app.js HTTP/1.1[0m" 304 -
100.123.6.21 - - [26/Feb/2026 22:22:16] "GET /api/data/status HTTP/1.1" 200 -
daily: 最新数据日期 = 20260225
daily_basic: 最新数据日期 = 20260225
cashflow_daily: 最新数据日期 = None
income_daily: 最新数据日期 = None
balance_daily: 最新数据日期 = None
2026-02-26 22:22:16,789 - werkzeug - INFO - 100.123.6.21 - - [26/Feb/2026 22:22:16] "GET /api/data/status HTTP/1.1" 200 -
100.123.6.21 - - [26/Feb/2026 22:31:13] "POST /api/data/high-frequency/compute HTTP/1.1" 200 -
处理日期: 2026-02-26, 股票数: 5857
  [100/5857] 完成: 300841.SZ (已处理: 100)
  [200/5857] 完成: 603800.SH (已处理: 200)
  [300/5857] 完成: 301099.SZ (已处理: 300)
  [400/5857] 完成: 002848.SZ (已处理: 400)
  [500/5857] 完成: 603629.SH (已处理: 500)
  [600/5857] 完成: 000716.SZ (已处理: 600)
  [700/5857] 完成: 603819.SH (已处理: 700)
  [800/5857] 完成: 301035.SZ (已处理: 799)
  [900/5857] 完成: 601198.SH (已处理: 898)
  [1000/5857] 完成: 301358.SZ (已处理: 998)
  [1100/5857] 完成: 002792.SZ (已处理: 1098)
  [1200/5857] 完成: 002817.SZ (已处理: 1198)
  [1300/5857] 完成: 301563.SZ (已处理: 1298)
  [1400/5857] 完成: 003022.SZ (已处理: 1398)
  [1500/5857] 完成: 002239.SZ (已处理: 1498)
  [1600/5857] 完成: 300866.SZ (已处理: 1597)
  [1700/5857] 完成: 600130.SH (已处理: 1697)
  [1800/5857] 完成: 920139.BJ (已处理: 1797)
  [1900/5857] 完成: 300911.SZ (已处理: 1895)
  [2000/5857] 完成: 688334.SH (已处理: 1995)
  [2100/5857] 完成: 600470.SH (已处理: 2095)
  [2200/5857] 完成: 600030.SH (已处理: 2195)
  [2300/5857] 完成: 300600.SZ (已处理: 2295)
  [2400/5857] 完成: 605018.SH (已处理: 2394)
  [2500/5857] 完成: 603256.SH (已处理: 2494)
  [2600/5857] 完成: 110100.SH (已处理: 2593)
  [2700/5857] 完成: 301121.SZ (已处理: 2693)
  [2800/5857] 完成: 600973.SH (已处理: 2793)
  [2900/5857] 完成: 002652.SZ (已处理: 2893)
  [3000/5857] 完成: 600971.SH (已处理: 2992)
  [3100/5857] 完成: 600995.SH (已处理: 3092)
  [3200/5857] 完成: 300566.SZ (已处理: 3192)
  [3300/5857] 完成: 000766.SZ (已处理: 3292)
  [3400/5857] 完成: 301110.SZ (已处理: 3392)
  [3500/5857] 完成: 600475.SH (已处理: 3492)
  [3600/5857] 完成: 601988.SH (已处理: 3592)
  [3700/5857] 完成: 002362.SZ (已处理: 3691)
  [3800/5857] 完成: 002507.SZ (已处理: 3791)
  [3900/5857] 完成: 300019.SZ (已处理: 3891)
  [4000/5857] 完成: 000701.SZ (已处理: 3991)
  [4100/5857] 完成: 600446.SH (已处理: 4091)
  [4200/5857] 完成: 600562.SH (已处理: 4190)
  [4300/5857] 完成: 688329.SH (已处理: 4290)
  [4400/5857] 完成: 600127.SH (已处理: 4390)
  [4500/5857] 完成: 301439.SZ (已处理: 4490)
  [4600/5857] 完成: 300266.SZ (已处理: 4589)
  [4700/5857] 完成: 603937.SH (已处理: 4688)
  [4800/5857] 完成: 301160.SZ (已处理: 4788)
  [4900/5857] 完成: 127089.SZ (已处理: 4887)
  [5000/5857] 完成: 300532.SZ (已处理: 4987)
  [5100/5857] 完成: 600410.SH (已处理: 5087)
  [5200/5857] 完成: 002311.SZ (已处理: 5187)
  [5276/5857] 错误: 688726.SH - cannot reindex on an axis with duplicate labels
  [5300/5857] 完成: 000603.SZ (已处理: 5286)
  [5400/5857] 完成: 300290.SZ (已处理: 5385)
  [5500/5857] 完成: 920753.BJ (已处理: 5485)
  [5600/5857] 完成: 603319.SH (已处理: 5584)
  [5700/5857] 完成: 002542.SZ (已处理: 5683)
  [5800/5857] 完成: 300584.SZ (已处理: 5783)
  [5857/5857] 完成: 002841.SZ (已处理: 5840)

完成! 保存到: /data1/code_git/tick_data_analysis/factor/high_frequency/2026_02_26.parquet
数据规模: 5840 股票 x 10 因子
错误数: 1
2026-02-26 22:31:13,567 - werkzeug - INFO - 100.123.6.21 - - [26/Feb/2026 22:31:13] "POST /api/data/high-frequency/compute HTTP/1.1" 200 -
